[16-May-2022 13:40:15 America/New_York] PHP Fatal error:  A void function must not return a value in /var/www/html/mymuseJ4/joomla/libraries/src/Session/Storage/JoomlaStorage.php on line 136
[16-May-2022 13:40:15 America/New_York] PHP Stack trace:
[16-May-2022 13:40:15 America/New_York] PHP   1. {main}() /var/www/html/mymuseJ4/joomla/index.php:0
[16-May-2022 13:40:15 America/New_York] PHP   2. require_once() /var/www/html/mymuseJ4/joomla/index.php:32
[16-May-2022 13:40:15 America/New_York] PHP   3. Joomla\DI\Container->get() /var/www/html/mymuseJ4/joomla/includes/app.php:57
[16-May-2022 13:40:15 America/New_York] PHP   4. Joomla\DI\ContainerResource->getInstance() /var/www/html/mymuseJ4/joomla/libraries/vendor/joomla/di/src/Container.php:96
[16-May-2022 13:40:15 America/New_York] PHP   5. Joomla\CMS\Service\Provider\Application->Joomla\CMS\Service\Provider\{closure:/var/www/html/mymuseJ4/joomla/libraries/src/Service/Provider/Application.php:94-110}() /var/www/html/mymuseJ4/joomla/libraries/vendor/joomla/di/src/ContainerResource.php:176
[16-May-2022 13:40:15 America/New_York] PHP   6. Joomla\DI\Container->get() /var/www/html/mymuseJ4/joomla/libraries/src/Service/Provider/Application.php:106
[16-May-2022 13:40:15 America/New_York] PHP   7. Joomla\DI\ContainerResource->getInstance() /var/www/html/mymuseJ4/joomla/libraries/vendor/joomla/di/src/Container.php:96
[16-May-2022 13:40:15 America/New_York] PHP   8. Joomla\CMS\Service\Provider\Session->Joomla\CMS\Service\Provider\{closure:/var/www/html/mymuseJ4/joomla/libraries/src/Service/Provider/Session.php:148-184}() /var/www/html/mymuseJ4/joomla/libraries/vendor/joomla/di/src/ContainerResource.php:176
[16-May-2022 13:40:15 America/New_York] PHP   9. spl_autoload_call() /var/www/html/mymuseJ4/joomla/libraries/src/Service/Provider/Session.php:179
[16-May-2022 13:40:15 America/New_York] PHP  10. Joomla\CMS\Autoload\ClassLoader->loadClass() /var/www/html/mymuseJ4/joomla/libraries/src/Service/Provider/Session.php:179
[16-May-2022 13:40:15 America/New_York] PHP  11. Composer\Autoload\ClassLoader->loadClass() /var/www/html/mymuseJ4/joomla/libraries/src/Autoload/ClassLoader.php:56
[16-May-2022 13:40:15 America/New_York] PHP  12. Composer\Autoload\includeFile() /var/www/html/mymuseJ4/joomla/libraries/vendor/composer/ClassLoader.php:428
[16-May-2022 13:40:17 America/New_York] PHP Fatal error:  A void function must not return a value in /var/www/html/mymuseJ4/joomla/libraries/src/Session/Storage/JoomlaStorage.php on line 136
[16-May-2022 13:40:17 America/New_York] PHP Stack trace:
[16-May-2022 13:40:17 America/New_York] PHP   1. {main}() /var/www/html/mymuseJ4/joomla/index.php:0
[16-May-2022 13:40:17 America/New_York] PHP   2. require_once() /var/www/html/mymuseJ4/joomla/index.php:32
[16-May-2022 13:40:17 America/New_York] PHP   3. Joomla\DI\Container->get() /var/www/html/mymuseJ4/joomla/includes/app.php:57
[16-May-2022 13:40:17 America/New_York] PHP   4. Joomla\DI\ContainerResource->getInstance() /var/www/html/mymuseJ4/joomla/libraries/vendor/joomla/di/src/Container.php:96
[16-May-2022 13:40:17 America/New_York] PHP   5. Joomla\CMS\Service\Provider\Application->Joomla\CMS\Service\Provider\{closure:/var/www/html/mymuseJ4/joomla/libraries/src/Service/Provider/Application.php:94-110}() /var/www/html/mymuseJ4/joomla/libraries/vendor/joomla/di/src/ContainerResource.php:176
[16-May-2022 13:40:17 America/New_York] PHP   6. Joomla\DI\Container->get() /var/www/html/mymuseJ4/joomla/libraries/src/Service/Provider/Application.php:106
[16-May-2022 13:40:17 America/New_York] PHP   7. Joomla\DI\ContainerResource->getInstance() /var/www/html/mymuseJ4/joomla/libraries/vendor/joomla/di/src/Container.php:96
[16-May-2022 13:40:17 America/New_York] PHP   8. Joomla\CMS\Service\Provider\Session->Joomla\CMS\Service\Provider\{closure:/var/www/html/mymuseJ4/joomla/libraries/src/Service/Provider/Session.php:148-184}() /var/www/html/mymuseJ4/joomla/libraries/vendor/joomla/di/src/ContainerResource.php:176
[16-May-2022 13:40:17 America/New_York] PHP   9. spl_autoload_call() /var/www/html/mymuseJ4/joomla/libraries/src/Service/Provider/Session.php:179
[16-May-2022 13:40:17 America/New_York] PHP  10. Joomla\CMS\Autoload\ClassLoader->loadClass() /var/www/html/mymuseJ4/joomla/libraries/src/Service/Provider/Session.php:179
[16-May-2022 13:40:17 America/New_York] PHP  11. Composer\Autoload\ClassLoader->loadClass() /var/www/html/mymuseJ4/joomla/libraries/src/Autoload/ClassLoader.php:56
[16-May-2022 13:40:17 America/New_York] PHP  12. Composer\Autoload\includeFile() /var/www/html/mymuseJ4/joomla/libraries/vendor/composer/ClassLoader.php:428
[16-May-2022 13:40:40 America/New_York] PHP Fatal error:  A void function must not return a value in /var/www/html/mymuseJ4/joomla/libraries/src/Session/Storage/JoomlaStorage.php on line 136
[16-May-2022 13:40:40 America/New_York] PHP Stack trace:
[16-May-2022 13:40:40 America/New_York] PHP   1. {main}() /var/www/html/mymuseJ4/joomla/index.php:0
[16-May-2022 13:40:40 America/New_York] PHP   2. require_once() /var/www/html/mymuseJ4/joomla/index.php:32
[16-May-2022 13:40:40 America/New_York] PHP   3. Joomla\DI\Container->get() /var/www/html/mymuseJ4/joomla/includes/app.php:57
[16-May-2022 13:40:40 America/New_York] PHP   4. Joomla\DI\ContainerResource->getInstance() /var/www/html/mymuseJ4/joomla/libraries/vendor/joomla/di/src/Container.php:96
[16-May-2022 13:40:40 America/New_York] PHP   5. Joomla\CMS\Service\Provider\Application->Joomla\CMS\Service\Provider\{closure:/var/www/html/mymuseJ4/joomla/libraries/src/Service/Provider/Application.php:94-110}() /var/www/html/mymuseJ4/joomla/libraries/vendor/joomla/di/src/ContainerResource.php:176
[16-May-2022 13:40:40 America/New_York] PHP   6. Joomla\DI\Container->get() /var/www/html/mymuseJ4/joomla/libraries/src/Service/Provider/Application.php:106
[16-May-2022 13:40:40 America/New_York] PHP   7. Joomla\DI\ContainerResource->getInstance() /var/www/html/mymuseJ4/joomla/libraries/vendor/joomla/di/src/Container.php:96
[16-May-2022 13:40:40 America/New_York] PHP   8. Joomla\CMS\Service\Provider\Session->Joomla\CMS\Service\Provider\{closure:/var/www/html/mymuseJ4/joomla/libraries/src/Service/Provider/Session.php:148-184}() /var/www/html/mymuseJ4/joomla/libraries/vendor/joomla/di/src/ContainerResource.php:176
[16-May-2022 13:40:40 America/New_York] PHP   9. spl_autoload_call() /var/www/html/mymuseJ4/joomla/libraries/src/Service/Provider/Session.php:179
[16-May-2022 13:40:40 America/New_York] PHP  10. Joomla\CMS\Autoload\ClassLoader->loadClass() /var/www/html/mymuseJ4/joomla/libraries/src/Service/Provider/Session.php:179
[16-May-2022 13:40:40 America/New_York] PHP  11. Composer\Autoload\ClassLoader->loadClass() /var/www/html/mymuseJ4/joomla/libraries/src/Autoload/ClassLoader.php:56
[16-May-2022 13:40:40 America/New_York] PHP  12. Composer\Autoload\includeFile() /var/www/html/mymuseJ4/joomla/libraries/vendor/composer/ClassLoader.php:428
[20-May-2022 08:16:41 America/New_York] PHP Warning:  session_regenerate_id(): Session object destruction failed.  ID: user (path: /tmp) in /var/www/html/mymuseJ4/joomla/libraries/vendor/joomla/session/src/Storage/NativeStorage.php on line 303
[20-May-2022 08:16:41 America/New_York] PHP Stack trace:
[20-May-2022 08:16:41 America/New_York] PHP   1. {main}() /var/www/html/mymuseJ4/joomla/index.php:0
[20-May-2022 08:16:41 America/New_York] PHP   2. require_once() /var/www/html/mymuseJ4/joomla/index.php:32
[20-May-2022 08:16:41 America/New_York] PHP   3. Joomla\CMS\Application\SiteApplication->execute() /var/www/html/mymuseJ4/joomla/includes/app.php:63
[20-May-2022 08:16:41 America/New_York] PHP   4. Joomla\CMS\Application\SiteApplication->doExecute() /var/www/html/mymuseJ4/joomla/libraries/src/Application/CMSApplication.php:278
[20-May-2022 08:16:41 America/New_York] PHP   5. Joomla\CMS\Application\SiteApplication->initialiseApp() /var/www/html/mymuseJ4/joomla/libraries/src/Application/SiteApplication.php:222
[20-May-2022 08:16:41 America/New_York] PHP   6. Joomla\CMS\Factory::getUser() /var/www/html/mymuseJ4/joomla/libraries/src/Application/SiteApplication.php:619
[20-May-2022 08:16:41 America/New_York] PHP   7. Joomla\CMS\Session\Session->get() /var/www/html/mymuseJ4/joomla/libraries/src/Factory.php:338
[20-May-2022 08:16:41 America/New_York] PHP   8. Joomla\CMS\Session\Session->has() /var/www/html/mymuseJ4/joomla/libraries/src/Session/Session.php:198
[20-May-2022 08:16:41 America/New_York] PHP   9. Joomla\CMS\Session\Session->start() /var/www/html/mymuseJ4/joomla/libraries/vendor/joomla/session/src/Session.php:333
[20-May-2022 08:16:41 America/New_York] PHP  10. Joomla\CMS\Session\Session->restart() /var/www/html/mymuseJ4/joomla/libraries/vendor/joomla/session/src/Session.php:420
[20-May-2022 08:16:41 America/New_York] PHP  11. Joomla\CMS\Session\Session->destroy() /var/www/html/mymuseJ4/joomla/libraries/vendor/joomla/session/src/Session.php:490
[20-May-2022 08:16:41 America/New_York] PHP  12. Joomla\CMS\Session\Session->fork() /var/www/html/mymuseJ4/joomla/libraries/vendor/joomla/session/src/Session.php:470
[20-May-2022 08:16:41 America/New_York] PHP  13. Joomla\CMS\Session\Storage\JoomlaStorage->regenerate() /var/www/html/mymuseJ4/joomla/libraries/vendor/joomla/session/src/Session.php:552
[20-May-2022 08:16:41 America/New_York] PHP  14. session_regenerate_id() /var/www/html/mymuseJ4/joomla/libraries/vendor/joomla/session/src/Storage/NativeStorage.php:303
[20-May-2022 08:16:41 America/New_York] PHP Warning:  Cannot modify header information - headers already sent by (output started at /var/www/html/mymuseJ4/joomla/libraries/vendor/joomla/session/src/Storage/NativeStorage.php:303) in /var/www/html/mymuseJ4/joomla/libraries/src/Session/Storage/JoomlaStorage.php on line 116
[20-May-2022 08:16:41 America/New_York] PHP Stack trace:
[20-May-2022 08:16:41 America/New_York] PHP   1. {main}() /var/www/html/mymuseJ4/joomla/index.php:0
[20-May-2022 08:16:41 America/New_York] PHP   2. require_once() /var/www/html/mymuseJ4/joomla/index.php:32
[20-May-2022 08:16:41 America/New_York] PHP   3. Joomla\CMS\Application\SiteApplication->execute() /var/www/html/mymuseJ4/joomla/includes/app.php:63
[20-May-2022 08:16:41 America/New_York] PHP   4. Joomla\CMS\Application\SiteApplication->doExecute() /var/www/html/mymuseJ4/joomla/libraries/src/Application/CMSApplication.php:278
[20-May-2022 08:16:41 America/New_York] PHP   5. Joomla\CMS\Application\SiteApplication->initialiseApp() /var/www/html/mymuseJ4/joomla/libraries/src/Application/SiteApplication.php:222
[20-May-2022 08:16:41 America/New_York] PHP   6. Joomla\CMS\Factory::getUser() /var/www/html/mymuseJ4/joomla/libraries/src/Application/SiteApplication.php:619
[20-May-2022 08:16:41 America/New_York] PHP   7. Joomla\CMS\Session\Session->get() /var/www/html/mymuseJ4/joomla/libraries/src/Factory.php:338
[20-May-2022 08:16:41 America/New_York] PHP   8. Joomla\CMS\Session\Session->has() /var/www/html/mymuseJ4/joomla/libraries/src/Session/Session.php:198
[20-May-2022 08:16:41 America/New_York] PHP   9. Joomla\CMS\Session\Session->start() /var/www/html/mymuseJ4/joomla/libraries/vendor/joomla/session/src/Session.php:333
[20-May-2022 08:16:41 America/New_York] PHP  10. Joomla\CMS\Session\Session->restart() /var/www/html/mymuseJ4/joomla/libraries/vendor/joomla/session/src/Session.php:420
[20-May-2022 08:16:41 America/New_York] PHP  11. Joomla\CMS\Session\Session->destroy() /var/www/html/mymuseJ4/joomla/libraries/vendor/joomla/session/src/Session.php:516
[20-May-2022 08:16:41 America/New_York] PHP  12. Joomla\CMS\Session\Session->clear() /var/www/html/mymuseJ4/joomla/libraries/vendor/joomla/session/src/Session.php:469
[20-May-2022 08:16:41 America/New_York] PHP  13. Joomla\CMS\Session\Session->clear() /var/www/html/mymuseJ4/joomla/libraries/src/Session/Session.php:354
[20-May-2022 08:16:41 America/New_York] PHP  14. Joomla\CMS\Session\Storage\JoomlaStorage->clear() /var/www/html/mymuseJ4/joomla/libraries/vendor/joomla/session/src/Session.php:372
[20-May-2022 08:16:41 America/New_York] PHP  15. setcookie() /var/www/html/mymuseJ4/joomla/libraries/src/Session/Storage/JoomlaStorage.php:116
